// Jest Snapshot v1, https://goo.gl/fbAQLP

exports[`should render EditExpensePage 1`] = `
<div>
  <div
    className="content-container"
  >
    <div
      className="page-header"
    >
      <h1
        className="page-header__title"
      >
        Edit Page
      </h1>
    </div>
  </div>
  <div
    className="content-container"
  >
    <ExpenseForm
      expense={
        Object {
          "amount": 95000,
          "createdAt": 345600000,
          "description": "Rent",
          "id": "1",
          "note": "",
        }
      }
      onSubmit={[Function]}
    />
    <div
      className="remove-container"
    >
      <button
        className="bigButton button--secondary"
        onClick={[Function]}
      >
        Remove Expense
      </button>
    </div>
  </div>
</div>
`;
