// Jest Snapshot v1, https://goo.gl/fbAQLP

exports[`should render a single expense item 1`] = `
<div>
  <Link
    replace={false}
    to="/edit/1"
  >
    <h3>
      Rent
    </h3>
  </Link>
  <p>
    costs $
    95000
     and was created on 
    345600000
  </p>
</div>
`;
